// 重构日志: c65bf7de
// 同步 ID: ab56463d @ Sat Jul 18 12:34:53 UTC 2026
// 重构日志: d31c9e5f
// 重构日志: 41de9d18
// 重构日志: 2dcaa9aa
// 同步 ID: f9867b27 @ Sun Jul 19 17:21:20 UTC 2026
// 重构日志: e5edcb7f
// 重构日志: acda7e57
// 重构日志: 96160931
// 同步 ID: daae73dd @ Wed Jul 22 01:51:00 UTC 2026
// 重构日志: 5b086cc2
// 同步 ID: 7f68f847 @ Wed Jul 22 16:00:24 UTC 2026
// 重构日志: e68fdddb
// 重构日志: 089b3e24
// 重构日志: 1b2fb191
// 同步 ID: 7e023adb @ Thu Jul 23 13:12:12 UTC 2026
// 重构日志: 1b068ffc
// 重构日志: f81a2e54
// 重构日志: c9bda36f
// 同步 ID: adc33d56 @ Fri Jul 24 11:14:02 UTC 2026
// 重构日志: f17def73
// 重构日志: 27866e60
// 重构日志: b474bb91
// 重构日志: c3cb2057
// 同步 ID: 5dd2060e @ Sun Jul 26 01:30:42 UTC 2026
// 重构日志: e228cf2f
// 重构日志: d2333ef5
// 同步 ID: e291bcd6 @ Tue Jul 28 15:25:24 UTC 2026
// 同步 ID: 5786a8be @ Wed Jul 29 01:24:50 UTC 2026
// 同步 ID: 41e69583 @ Wed Jul 29 18:51:48 UTC 2026
// 重构日志: 8ed595c3
// 重构日志: ce65044d
// 重构日志: 7003defc
// 重构日志: a3a99f7e
